<html>
<body>
<pre>
<h1>µVision Build Log</h1>
<h2>Project:</h2>
F:\lift_protec\MDK-ARM\Project.uvproj
Project File Date:  01/13/2013

<h2>Output:</h2>
Build target 'hot-foot'
compiling eeprom.c...
compiling flash_eep.c...
compiling main.c...
..\usr\tm1640.h(3): error:  #5: cannot open source input file "stm32f10x.h": No such file or directory
compiling stm32f0xx_it.c...
compiling system_stm32f0xx.c...
compiling tm1640.c...
..\usr\tm1640.h(3): error:  #5: cannot open source input file "stm32f10x.h": No such file or directory
assembling startup_stm32f0xx.s...
Target not created
Build target 'hot-foot'
compiling main.c...
compiling tm1640.c...
..\usr\tm1640.c(57): error:  #136: struct "<unnamed>" has no field "CRL"
..\usr\tm1640.c(57): error:  #136: struct "<unnamed>" has no field "CRL"
..\usr\tm1640.c(70): error:  #136: struct "<unnamed>" has no field "CRL"
..\usr\tm1640.c(70): error:  #136: struct "<unnamed>" has no field "CRL"
..\usr\tm1640.c(85): error:  #136: struct "<unnamed>" has no field "CRL"
..\usr\tm1640.c(85): error:  #136: struct "<unnamed>" has no field "CRL"
Target not created
Build target 'hot-foot'
compiling main.c...
compiling tm1640.c...
linking...
.\hot-foot\STM32f051.axf: Error: L6218E: Undefined symbol seg_back (referred from tm1640.o).
.\hot-foot\STM32f051.axf: Error: L6218E: Undefined symbol seg_blink (referred from tm1640.o).
.\hot-foot\STM32f051.axf: Error: L6218E: Undefined symbol seg_buf (referred from tm1640.o).
Target not created
Build target 'hot-foot'
compiling main.c...
linking...
Program Size: Code=2140 RO-data=224 RW-data=124 ZI-data=1028  
FromELF: creating hex file...
".\hot-foot\STM32f051.axf" - 0 Error(s), 0 Warning(s).
Build target 'hot-foot'
compiling tm1640.c...
linking...
Program Size: Code=2140 RO-data=224 RW-data=124 ZI-data=1028  
FromELF: creating hex file...
".\hot-foot\STM32f051.axf" - 0 Error(s), 0 Warning(s).
Build target 'hot-foot'
compiling main.c...
compiling stm32f0xx_it.c...
compiling tm1640.c...
linking...
Program Size: Code=2716 RO-data=224 RW-data=120 ZI-data=1024  
FromELF: creating hex file...
".\hot-foot\STM32f051.axf" - 0 Error(s), 0 Warning(s).
Build target 'hot-foot'
compiling eeprom.c...
compiling flash_eep.c...
compiling main.c...
..\usr\led.h(38): warning:  #47-D: incompatible redefinition of macro "SEG_R" (declared at line 39 of "..\usr\tm1640.h")
..\usr\led.h(39): warning:  #47-D: incompatible redefinition of macro "SEG_U" (declared at line 40 of "..\usr\tm1640.h")
..\usr\led.h(40): warning:  #47-D: incompatible redefinition of macro "SEG_Y" (declared at line 41 of "..\usr\tm1640.h")
..\usr\led.h(41): warning:  #47-D: incompatible redefinition of macro "SEG_HANG" (declared at line 42 of "..\usr\tm1640.h")
..\usr\led.h(42): warning:  #47-D: incompatible redefinition of macro "SEG_BLANK" (declared at line 43 of "..\usr\tm1640.h")
..\usr\mma8451.h(6): warning:  #47-D: incompatible redefinition of macro "SCL_L" (declared at line 9 of "..\usr\tm1640.h")
..\usr\mma8451.h(7): warning:  #47-D: incompatible redefinition of macro "SCL_H" (declared at line 8 of "..\usr\tm1640.h")
..\usr\mma8451.h(8): warning:  #47-D: incompatible redefinition of macro "SDA_L" (declared at line 7 of "..\usr\tm1640.h")
..\usr\mma8451.h(9): warning:  #47-D: incompatible redefinition of macro "SDA_H" (declared at line 6 of "..\usr\tm1640.h")
..\usr\mma8451.h(11): warning:  #47-D: incompatible redefinition of macro "SDA_IN" (declared at line 11 of "..\usr\tm1640.h")
..\usr\mma8451.h(12): warning:  #47-D: incompatible redefinition of macro "SDA_OUT" (declared at line 10 of "..\usr\tm1640.h")
..\usr\mma8451.h(14): warning:  #47-D: incompatible redefinition of macro "SDA_READ" (declared at line 12 of "..\usr\tm1640.h")
..\usr\main.c(35): warning:  #223-D: function "eep_init" declared implicitly
..\usr\main.c(71): warning:  #223-D: function "seg_handle" declared implicitly
compiling stm32f0xx_it.c...
compiling tm1640.c...
compiling crc16.c...
compiling uart.c...
..\usr\uart.c(68): error:  #136: struct "<unnamed>" has no field "NVIC_IRQChannelSubPriority"
..\usr\uart.c(121): error:  #20: identifier "DMA1_Channel2_3_IRQHandler" is undefined
..\usr\uart.c(122): error:  #136: struct "<unnamed>" has no field "NVIC_IRQChannelSubPriority"
compiling led.c...
..\usr\tm1640.h(39): warning:  #47-D: incompatible redefinition of macro "SEG_R" (declared at line 38 of "..\usr\led.h")
..\usr\tm1640.h(40): warning:  #47-D: incompatible redefinition of macro "SEG_U" (declared at line 39 of "..\usr\led.h")
..\usr\tm1640.h(41): warning:  #47-D: incompatible redefinition of macro "SEG_Y" (declared at line 40 of "..\usr\led.h")
..\usr\tm1640.h(42): warning:  #47-D: incompatible redefinition of macro "SEG_HANG" (declared at line 41 of "..\usr\led.h")
..\usr\tm1640.h(43): warning:  #47-D: incompatible redefinition of macro "SEG_BLANK" (declared at line 42 of "..\usr\led.h")
..\usr\led.c(176): error:  #20: identifier "seg_dat" is undefined
..\usr\led.c(186): error:  #20: identifier "seg_dat" is undefined
..\usr\led.c(169): warning:  #177-D: variable "i" was declared but never referenced
compiling mma8451.c...
..\usr\mma8451.c(211): warning:  #223-D: function "SCL_OUT" declared implicitly
compiling misc.c...
..\usr\misc.c(130): error:  #29: expected an expression
..\usr\misc.c(146): error:  #29: expected an expression
..\usr\misc.c(199): error:  #29: expected an expression
..\usr\misc.c(215): error:  #29: expected an expression
..\usr\misc.c(746): warning:  #223-D: function "NOP" declared implicitly
..\usr\misc.c(825): warning:  #223-D: function "NOP" declared implicitly
Target not created
Build target 'hot-foot'
compiling main.c...
..\usr\mma8451.h(6): warning:  #47-D: incompatible redefinition of macro "SCL_L" (declared at line 9 of "..\usr\tm1640.h")
..\usr\mma8451.h(7): warning:  #47-D: incompatible redefinition of macro "SCL_H" (declared at line 8 of "..\usr\tm1640.h")
..\usr\mma8451.h(8): warning:  #47-D: incompatible redefinition of macro "SDA_L" (declared at line 7 of "..\usr\tm1640.h")
..\usr\mma8451.h(9): warning:  #47-D: incompatible redefinition of macro "SDA_H" (declared at line 6 of "..\usr\tm1640.h")
..\usr\mma8451.h(11): warning:  #47-D: incompatible redefinition of macro "SDA_IN" (declared at line 11 of "..\usr\tm1640.h")
..\usr\mma8451.h(12): warning:  #47-D: incompatible redefinition of macro "SDA_OUT" (declared at line 10 of "..\usr\tm1640.h")
..\usr\mma8451.h(14): warning:  #47-D: incompatible redefinition of macro "SDA_READ" (declared at line 12 of "..\usr\tm1640.h")
..\usr\main.c(35): warning:  #223-D: function "eep_init" declared implicitly
..\usr\main.c(71): warning:  #223-D: function "seg_handle" declared implicitly
compiling tm1640.c...
compiling uart.c...
..\usr\uart.c(68): error:  #136: struct "<unnamed>" has no field "NVIC_IRQChannelSubPriority"
..\usr\uart.c(121): error:  #20: identifier "DMA1_Channel2_3_IRQHandler" is undefined
..\usr\uart.c(122): error:  #136: struct "<unnamed>" has no field "NVIC_IRQChannelSubPriority"
compiling led.c...
..\usr\led.c(176): error:  #20: identifier "seg_dat" is undefined
..\usr\led.c(186): error:  #20: identifier "seg_dat" is undefined
..\usr\led.c(169): warning:  #177-D: variable "i" was declared but never referenced
compiling misc.c...
..\usr\misc.c(130): error:  #29: expected an expression
..\usr\misc.c(146): error:  #29: expected an expression
..\usr\misc.c(199): error:  #29: expected an expression
..\usr\misc.c(215): error:  #29: expected an expression
..\usr\misc.c(746): warning:  #223-D: function "NOP" declared implicitly
..\usr\misc.c(825): warning:  #223-D: function "NOP" declared implicitly
Target not created
Build target 'hot-foot'
compiling main.c...
..\usr\main.c(35): warning:  #223-D: function "eep_init" declared implicitly
..\usr\main.c(71): warning:  #223-D: function "seg_handle" declared implicitly
compiling uart.c...
..\usr\uart.c(68): error:  #136: struct "<unnamed>" has no field "NVIC_IRQChannelSubPriority"
..\usr\uart.c(121): error:  #20: identifier "DMA1_Channel2_3_IRQHandler" is undefined
..\usr\uart.c(122): error:  #136: struct "<unnamed>" has no field "NVIC_IRQChannelSubPriority"
compiling led.c...
..\usr\led.c(176): error:  #20: identifier "seg_dat" is undefined
..\usr\led.c(186): error:  #20: identifier "seg_dat" is undefined
..\usr\led.c(169): warning:  #177-D: variable "i" was declared but never referenced
compiling mma8451.c...
..\usr\mma8451.c(119): warning:  #223-D: function "SDA_IN" declared implicitly
..\usr\mma8451.c(138): warning:  #223-D: function "SDA_OUT" declared implicitly
..\usr\mma8451.c(211): warning:  #223-D: function "SCL_OUT" declared implicitly
..\usr\mma8451.c(212): warning:  #223-D: function "SDA_OUT" declared implicitly
compiling misc.c...
..\usr\misc.c(130): error:  #29: expected an expression
..\usr\misc.c(146): error:  #29: expected an expression
..\usr\misc.c(199): error:  #29: expected an expression
..\usr\misc.c(215): error:  #29: expected an expression
..\usr\misc.c(746): warning:  #223-D: function "NOP" declared implicitly
..\usr\misc.c(825): warning:  #223-D: function "NOP" declared implicitly
Target not created
Build target 'hot-foot'
compiling uart.c...
..\usr\uart.c(68): error:  #136: struct "<unnamed>" has no field "NVIC_IRQChannelSubPriority"
..\usr\uart.c(121): error:  #20: identifier "DMA1_Channel2_3_IRQHandler" is undefined
..\usr\uart.c(122): error:  #136: struct "<unnamed>" has no field "NVIC_IRQChannelSubPriority"
compiling led.c...
..\usr\led.c(176): error:  #20: identifier "seg_dat" is undefined
..\usr\led.c(186): error:  #20: identifier "seg_dat" is undefined
..\usr\led.c(169): warning:  #177-D: variable "i" was declared but never referenced
compiling misc.c...
..\usr\misc.c(130): error:  #29: expected an expression
..\usr\misc.c(146): error:  #29: expected an expression
..\usr\misc.c(199): error:  #29: expected an expression
..\usr\misc.c(215): error:  #29: expected an expression
Target not created
Build target 'hot-foot'
compiling uart.c...
..\usr\uart.c(121): error:  #20: identifier "DMA1_Channel2_3_IRQHandler" is undefined
compiling led.c...
..\usr\led.c(176): error:  #20: identifier "seg_dat" is undefined
..\usr\led.c(186): error:  #20: identifier "seg_dat" is undefined
..\usr\led.c(169): warning:  #177-D: variable "i" was declared but never referenced
compiling misc.c...
..\usr\misc.c(130): error:  #29: expected an expression
..\usr\misc.c(146): error:  #29: expected an expression
..\usr\misc.c(199): error:  #29: expected an expression
..\usr\misc.c(215): error:  #29: expected an expression
Target not created
Build target 'hot-foot'
compiling uart.c...
compiling led.c...
..\usr\led.c(176): error:  #20: identifier "seg_dat" is undefined
..\usr\led.c(186): error:  #20: identifier "seg_dat" is undefined
..\usr\led.c(169): warning:  #177-D: variable "i" was declared but never referenced
compiling misc.c...
..\usr\misc.c(130): error:  #29: expected an expression
..\usr\misc.c(146): error:  #29: expected an expression
..\usr\misc.c(199): error:  #29: expected an expression
..\usr\misc.c(215): error:  #29: expected an expression
Target not created
Build target 'hot-foot'
compiling tm1640.c...
..\usr\tm1640.c(146): error:  #20: identifier "seg_blink" is undefined
compiling led.c...
..\usr\led.c(170): warning:  #177-D: variable "i" was declared but never referenced
compiling misc.c...
..\usr\misc.c(130): error:  #29: expected an expression
..\usr\misc.c(146): error:  #29: expected an expression
..\usr\misc.c(199): error:  #29: expected an expression
..\usr\misc.c(215): error:  #29: expected an expression
Target not created
Build target 'hot-foot'
compiling main.c...
..\usr\main.c(35): warning:  #223-D: function "eep_init" declared implicitly
..\usr\main.c(71): warning:  #223-D: function "seg_handle" declared implicitly
compiling tm1640.c...
compiling led.c...
..\usr\led.c(170): warning:  #177-D: variable "i" was declared but never referenced
compiling misc.c...
..\usr\misc.c(130): error:  #29: expected an expression
..\usr\misc.c(146): error:  #29: expected an expression
..\usr\misc.c(199): error:  #29: expected an expression
..\usr\misc.c(215): error:  #29: expected an expression
Target not created
Build target 'hot-foot'
compiling flash_eep.c...
compiling main.c...
..\usr\main.c(71): warning:  #223-D: function "seg_handle" declared implicitly
compiling uart.c...
compiling misc.c...
..\usr\misc.c(130): error:  #29: expected an expression
..\usr\misc.c(146): error:  #29: expected an expression
..\usr\misc.c(199): error:  #29: expected an expression
..\usr\misc.c(215): error:  #29: expected an expression
Target not created
Build target 'hot-foot'
compiling main.c...
compiling led.c...
..\usr\led.c(170): warning:  #177-D: variable "i" was declared but never referenced
compiling misc.c...
..\usr\misc.c(130): error:  #29: expected an expression
..\usr\misc.c(146): error:  #29: expected an expression
..\usr\misc.c(199): error:  #29: expected an expression
..\usr\misc.c(215): error:  #29: expected an expression
Target not created
Build target 'hot-foot'
compiling led.c...
..\usr\led.c(174): error:  #20: identifier "seg_dat" is undefined
..\usr\led.c(184): error:  #20: identifier "seg_dat" is undefined
compiling misc.c...
..\usr\misc.c(130): error:  #29: expected an expression
..\usr\misc.c(146): error:  #29: expected an expression
..\usr\misc.c(199): error:  #29: expected an expression
..\usr\misc.c(215): error:  #29: expected an expression
Target not created
Build target 'hot-foot'
compiling led.c...
compiling misc.c...
..\usr\misc.c(130): error:  #29: expected an expression
..\usr\misc.c(146): error:  #29: expected an expression
..\usr\misc.c(199): error:  #29: expected an expression
..\usr\misc.c(215): error:  #29: expected an expression
Target not created
Build target 'hot-foot'
compiling main.c...
compiling misc.c...
..\usr\misc.c(130): error:  #29: expected an expression
..\usr\misc.c(146): error:  #29: expected an expression
..\usr\misc.c(199): error:  #29: expected an expression
..\usr\misc.c(215): error:  #29: expected an expression
Target not created
Build target 'hot-foot'
compiling misc.c...
..\usr\misc.c(146): error:  #29: expected an expression
..\usr\misc.c(199): error:  #29: expected an expression
..\usr\misc.c(215): error:  #29: expected an expression
Target not created
Build target 'hot-foot'
compiling misc.c...
linking...
.\hot-foot\STM32f051.axf: Error: L6218E: Undefined symbol led_handle (referred from main.o).
.\hot-foot\STM32f051.axf: Error: L6218E: Undefined symbol SCL_OUT (referred from mma8451.o).
.\hot-foot\STM32f051.axf: Error: L6218E: Undefined symbol SDA_IN (referred from mma8451.o).
.\hot-foot\STM32f051.axf: Error: L6218E: Undefined symbol SDA_OUT (referred from mma8451.o).
Target not created
Rebuild target 'hot-foot'
compiling eeprom.c...
compiling flash_eep.c...
compiling main.c...
compiling stm32f0xx_it.c...
compiling system_stm32f0xx.c...
compiling tm1640.c...
compiling crc16.c...
compiling uart.c...
compiling led.c...
compiling mma8451.c...
..\usr\mma8451.c(119): warning:  #223-D: function "SDA_IN" declared implicitly
..\usr\mma8451.c(138): warning:  #223-D: function "SDA_OUT" declared implicitly
..\usr\mma8451.c(211): warning:  #223-D: function "SCL_OUT" declared implicitly
..\usr\mma8451.c(212): warning:  #223-D: function "SDA_OUT" declared implicitly
compiling misc.c...
assembling startup_stm32f0xx.s...
linking...
.\hot-foot\STM32f051.axf: Error: L6218E: Undefined symbol led_handle (referred from main.o).
.\hot-foot\STM32f051.axf: Error: L6218E: Undefined symbol SCL_OUT (referred from mma8451.o).
.\hot-foot\STM32f051.axf: Error: L6218E: Undefined symbol SDA_IN (referred from mma8451.o).
.\hot-foot\STM32f051.axf: Error: L6218E: Undefined symbol SDA_OUT (referred from mma8451.o).
Target not created
Build target 'hot-foot'
compiling mma8451.c...
..\usr\mma8451.c(119): warning:  #223-D: function "MMA_MMA_SDA_IN" declared implicitly
..\usr\mma8451.c(138): warning:  #223-D: function "SDA_OUT" declared implicitly
error - can't create command input file '.\hot-foot\STM32f051.lnp'
FromELF: creating hex file...
\hot-foot\STM32f051: Error: Q0122E: Could not open file '\hot-foot\STM32f051.axf': No such file or directory
Target not created
Build target 'hot-foot'
compiling mma8451.c...
..\usr\mma8451.c(138): warning:  #223-D: function "SDA_OUT" declared implicitly
linking...
.\hot-foot\STM32f051.axf: Error: L6218E: Undefined symbol led_handle (referred from main.o).
.\hot-foot\STM32f051.axf: Error: L6218E: Undefined symbol SDA_OUT (referred from mma8451.o).
Target not created
Build target 'hot-foot'
compiling mma8451.c...
linking...
.\hot-foot\STM32f051.axf: Error: L6218E: Undefined symbol led_handle (referred from main.o).
Target not created
Build target 'hot-foot'
compiling main.c...
compiling led.c...
compiling misc.c...
linking...
Program Size: Code=12628 RO-data=736 RW-data=212 ZI-data=1140  
FromELF: creating hex file...
".\hot-foot\STM32f051.axf" - 0 Error(s), 0 Warning(s).
Build target 'hot-foot'
compiling misc.c...
..\usr\misc.c(199): error:  #29: expected an expression
Target not created
Build target 'hot-foot'
compiling misc.c...
linking...
Program Size: Code=12644 RO-data=736 RW-data=212 ZI-data=1140  
FromELF: creating hex file...
".\hot-foot\STM32f051.axf" - 0 Error(s), 0 Warning(s).
Build target 'hot-foot'
compiling misc.c...
linking...
Program Size: Code=12656 RO-data=736 RW-data=212 ZI-data=1140  
FromELF: creating hex file...
".\hot-foot\STM32f051.axf" - 0 Error(s), 0 Warning(s).
Build target 'hot-foot'
compiling misc.c...
linking...
Program Size: Code=12680 RO-data=736 RW-data=212 ZI-data=1140  
FromELF: creating hex file...
".\hot-foot\STM32f051.axf" - 0 Error(s), 0 Warning(s).
Build target 'hot-foot'
compiling stm32f0xx_it.c...
linking...
Program Size: Code=12736 RO-data=736 RW-data=212 ZI-data=1140  
FromELF: creating hex file...
".\hot-foot\STM32f051.axf" - 0 Error(s), 0 Warning(s).
Build target 'hot-foot'
linking...
Program Size: Code=12736 RO-data=736 RW-data=212 ZI-data=1140  
FromELF: creating hex file...
".\hot-foot\STM32f051.axf" - 0 Error(s), 0 Warning(s).
Build target 'hot-foot'
linking...
Program Size: Code=12736 RO-data=736 RW-data=212 ZI-data=1140  
FromELF: creating hex file...
".\hot-foot\STM32f051.axf" - 0 Error(s), 0 Warning(s).
Load "F:\\lift_protec\\MDK-ARM\\hot-foot\\STM32f051.AXF" 
Load "F:\\lift_protec\\MDK-ARM\\hot-foot\\STM32f051.AXF" 
Erase Done.
Programming Done.
Verify OK.
Build target 'hot-foot'
compiling eeprom.c...
compiling flash_eep.c...
compiling main.c...
compiling uart.c...
linking...
Program Size: Code=12736 RO-data=736 RW-data=212 ZI-data=1140  
FromELF: creating hex file...
".\hot-foot\STM32f051.axf" - 0 Error(s), 0 Warning(s).
Load "F:\\lift_protec\\MDK-ARM\\hot-foot\\STM32f051.AXF" 
Build target 'hot-foot'
linking...
Program Size: Code=12736 RO-data=736 RW-data=212 ZI-data=1140  
FromELF: creating hex file...
".\hot-foot\STM32f051.axf" - 0 Error(s), 0 Warning(s).
Load "F:\\lift_protec\\MDK-ARM\\hot-foot\\STM32f051.AXF" 
Erase Done.
Programming Done.
Verify OK.
Build target 'hot-foot'
compiling eeprom.c...
compiling flash_eep.c...
compiling main.c...
compiling uart.c...
linking...
Program Size: Code=12736 RO-data=736 RW-data=212 ZI-data=1140  
FromELF: creating hex file...
".\hot-foot\STM32f051.axf" - 0 Error(s), 0 Warning(s).
Load "F:\\lift_protec\\MDK-ARM\\hot-foot\\STM32f051.AXF" 
Load "F:\\lift_protec\\MDK-ARM\\hot-foot\\STM32f051.AXF" 
Build target 'hot-foot'
compiling eeprom.c...
compiling flash_eep.c...
compiling main.c...
compiling uart.c...
linking...
Program Size: Code=12736 RO-data=736 RW-data=212 ZI-data=1140  
FromELF: creating hex file...
".\hot-foot\STM32f051.axf" - 0 Error(s), 0 Warning(s).
Build target 'hot-foot'
compiling main.c...
linking...
Program Size: Code=12736 RO-data=736 RW-data=212 ZI-data=1140  
FromELF: creating hex file...
".\hot-foot\STM32f051.axf" - 0 Error(s), 0 Warning(s).
Load "F:\\lift_protec\\MDK-ARM\\hot-foot\\STM32f051.AXF" 
Load "F:\\lift_protec\\MDK-ARM\\hot-foot\\STM32f051.AXF" 
Build target 'hot-foot'
compiling main.c...
linking...
Program Size: Code=11596 RO-data=736 RW-data=212 ZI-data=1140  
FromELF: creating hex file...
".\hot-foot\STM32f051.axf" - 0 Error(s), 0 Warning(s).
Load "F:\\lift_protec\\MDK-ARM\\hot-foot\\STM32f051.AXF" 
Build target 'hot-foot'
compiling main.c...
compiling tm1640.c...
linking...
Program Size: Code=10768 RO-data=736 RW-data=212 ZI-data=1140  
FromELF: creating hex file...
".\hot-foot\STM32f051.axf" - 0 Error(s), 0 Warning(s).
Load "F:\\lift_protec\\MDK-ARM\\hot-foot\\STM32f051.AXF" 
Build target 'hot-foot'
compiling main.c...
linking...
Program Size: Code=10808 RO-data=736 RW-data=212 ZI-data=1140  
FromELF: creating hex file...
".\hot-foot\STM32f051.axf" - 0 Error(s), 0 Warning(s).
Load "F:\\lift_protec\\MDK-ARM\\hot-foot\\STM32f051.AXF" 
Build target 'hot-foot'
compiling main.c...
linking...
Program Size: Code=11508 RO-data=736 RW-data=212 ZI-data=1140  
FromELF: creating hex file...
".\hot-foot\STM32f051.axf" - 0 Error(s), 0 Warning(s).
Load "F:\\lift_protec\\MDK-ARM\\hot-foot\\STM32f051.AXF" 
Build target 'hot-foot'
compiling main.c...
linking...
Program Size: Code=12080 RO-data=736 RW-data=212 ZI-data=1140  
FromELF: creating hex file...
".\hot-foot\STM32f051.axf" - 0 Error(s), 0 Warning(s).
Build target 'hot-foot'
compiling mma8451.c...
..\usr\mma8451.c(25): error:  #165: too few arguments in function call
..\usr\mma8451.c(27): error:  #165: too few arguments in function call
..\usr\mma8451.c(29): error:  #165: too few arguments in function call
..\usr\mma8451.c(31): error:  #165: too few arguments in function call
..\usr\mma8451.c(38): error:  #165: too few arguments in function call
..\usr\mma8451.c(40): error:  #165: too few arguments in function call
..\usr\mma8451.c(42): error:  #165: too few arguments in function call
..\usr\mma8451.c(44): error:  #165: too few arguments in function call
..\usr\mma8451.c(64): error:  #165: too few arguments in function call
..\usr\mma8451.c(66): error:  #165: too few arguments in function call
..\usr\mma8451.c(91): error:  #165: too few arguments in function call
..\usr\mma8451.c(93): error:  #165: too few arguments in function call
..\usr\mma8451.c(97): error:  #165: too few arguments in function call
..\usr\mma8451.c(99): error:  #165: too few arguments in function call
..\usr\mma8451.c(101): error:  #165: too few arguments in function call
..\usr\mma8451.c(116): error:  #165: too few arguments in function call
..\usr\mma8451.c(122): error:  #165: too few arguments in function call
..\usr\mma8451.c(124): error:  #165: too few arguments in function call
..\usr\mma8451.c(126): error:  #165: too few arguments in function call
Target not created
Build target 'hot-foot'
compiling mma8451.c...
linking...
Program Size: Code=12080 RO-data=736 RW-data=212 ZI-data=1140  
FromELF: creating hex file...
".\hot-foot\STM32f051.axf" - 0 Error(s), 0 Warning(s).
Build target 'hot-foot'
compiling main.c...
linking...
Program Size: Code=12612 RO-data=736 RW-data=212 ZI-data=1140  
FromELF: creating hex file...
".\hot-foot\STM32f051.axf" - 0 Error(s), 0 Warning(s).
Load "F:\\lift_protec\\MDK-ARM\\hot-foot\\STM32f051.AXF" 
Load "F:\\lift_protec\\MDK-ARM\\hot-foot\\STM32f051.AXF" 
Set JLink Project File to "F:\lift_protec\MDK-ARM\JLinkSettings.ini"
 
JLink info:
------------
DLL: V4.40c, compiled Jan 24 2012 09:30:33
Firmware: J-Link ARM-OB STM32 compiled Aug 22 2012 19:52:04
Hardware: V7.00
S/N : 20090928 
Feature(s) : RDI,FlashDL,FlashBP,JFlash,GDBFull 
 
Build target 'hot-foot'
compiling main.c...
linking...
Program Size: Code=12648 RO-data=736 RW-data=212 ZI-data=1140  
FromELF: creating hex file...
".\hot-foot\STM32f051.axf" - 0 Error(s), 0 Warning(s).
Load "F:\\lift_protec\\MDK-ARM\\hot-foot\\STM32f051.AXF" 
Set JLink Project File to "F:\lift_protec\MDK-ARM\JLinkSettings.ini"
 
JLink info:
------------
DLL: V4.40c, compiled Jan 24 2012 09:30:33
Firmware: J-Link ARM-OB STM32 compiled Aug 22 2012 19:52:04
Hardware: V7.00
S/N : 20090928 
Feature(s) : RDI,FlashDL,FlashBP,JFlash,GDBFull 
 
* JLink Info: Found SWD-DP with ID 0x0BB11477
* JLink Info: Found SWD-DP with ID 0x0BB11477
* JLink Info:   FPUnit: 0 code (BP) slots and 0 literal slots
* JLink Info:   FPUnit: 4 code (BP) slots and 0 literal slots
* JLink Info: Found Cortex-M0 r0p0, Little endian.
ROMTableAddr = 0xE00FF003
* JLink Info: Found SWD-DP with ID 0x0BB11477
* JLink Info:   FPUnit: 4 code (BP) slots and 0 literal slots
* JLink Info: Found Cortex-M0 r0p0, Little endian.
 
Target info:
------------
Device: STM32F051C8
VTarget = 3.300V
State of Pins: 
TCK: 0, TDI: 0, TDO: 1, TMS: 0, TRES: 1, TRST: 0
Hardware-Breakpoints: 4
Software-Breakpoints: 8192
Watchpoints:          2
JTAG speed: 2000 kHz
 
Erase Done.
Programming Done.
Verify OK.
* JLink Info: Found SWD-DP with ID 0x0BB11477
* JLink Info:   FPUnit: 4 code (BP) slots and 0 literal slots
* JLink Info: Found Cortex-M0 r0p0, Little endian.
Application running ...
Build target 'hot-foot'
compiling main.c...
compiling mma8451.c...
..\usr\mma8451.c(137): error:  #7: unrecognized token
..\usr\mma8451.c(137): error:  #29: expected an expression
Target not created
Build target 'hot-foot'
compiling main.c...
compiling mma8451.c...
linking...
Program Size: Code=12648 RO-data=736 RW-data=212 ZI-data=1140  
FromELF: creating hex file...
".\hot-foot\STM32f051.axf" - 0 Error(s), 0 Warning(s).
Load "F:\\lift_protec\\MDK-ARM\\hot-foot\\STM32f051.AXF" 
Set JLink Project File to "F:\lift_protec\MDK-ARM\JLinkSettings.ini"
 
JLink info:
------------
DLL: V4.40c, compiled Jan 24 2012 09:30:33
Firmware: J-Link ARM-OB STM32 compiled Aug 22 2012 19:52:04
Hardware: V7.00
S/N : 20090928 
Feature(s) : RDI,FlashDL,FlashBP,JFlash,GDBFull 
 
* JLink Info: Found SWD-DP with ID 0x0BB11477
* JLink Info:   FPUnit: 0 code (BP) slots and 0 literal slots
* JLink Info:   FPUnit: 4 code (BP) slots and 0 literal slots
* JLink Info: Found Cortex-M0 r0p0, Little endian.
ROMTableAddr = 0xE00FF003
* JLink Info: Found SWD-DP with ID 0x0BB11477
* JLink Info:   FPUnit: 4 code (BP) slots and 0 literal slots
* JLink Info: Found Cortex-M0 r0p0, Little endian.
 
Target info:
------------
Device: STM32F051C8
VTarget = 3.300V
State of Pins: 
TCK: 0, TDI: 0, TDO: 1, TMS: 0, TRES: 1, TRST: 1
Hardware-Breakpoints: 4
Software-Breakpoints: 8192
Watchpoints:          2
JTAG speed: 2000 kHz
 
Erase Done.
Programming Done.
Verify OK.
* JLink Info: Found SWD-DP with ID 0x0BB11477
* JLink Info:   FPUnit: 4 code (BP) slots and 0 literal slots
* JLink Info: Found Cortex-M0 r0p0, Little endian.
Application running ...
Build target 'hot-foot'
compiling main.c...
compiling mma8451.c...
linking...
Program Size: Code=12632 RO-data=736 RW-data=212 ZI-data=1140  
FromELF: creating hex file...
".\hot-foot\STM32f051.axf" - 0 Error(s), 0 Warning(s).
Load "F:\\lift_protec\\MDK-ARM\\hot-foot\\STM32f051.AXF" 
Set JLink Project File to "F:\lift_protec\MDK-ARM\JLinkSettings.ini"
 
JLink info:
------------
DLL: V4.40c, compiled Jan 24 2012 09:30:33
Firmware: J-Link ARM-OB STM32 compiled Aug 22 2012 19:52:04
Hardware: V7.00
S/N : 20090928 
Feature(s) : RDI,FlashDL,FlashBP,JFlash,GDBFull 
 
* JLink Info: Found SWD-DP with ID 0x0BB11477
* JLink Info:   FPUnit: 0 code (BP) slots and 0 literal slots
* JLink Info:   FPUnit: 4 code (BP) slots and 0 literal slots
* JLink Info: Found Cortex-M0 r0p0, Little endian.
ROMTableAddr = 0xE00FF003
* JLink Info: Found SWD-DP with ID 0x0BB11477
* JLink Info:   FPUnit: 4 code (BP) slots and 0 literal slots
* JLink Info: Found Cortex-M0 r0p0, Little endian.
 
Target info:
------------
Device: STM32F051C8
VTarget = 3.300V
State of Pins: 
TCK: 0, TDI: 0, TDO: 1, TMS: 0, TRES: 1, TRST: 1
Hardware-Breakpoints: 4
Software-Breakpoints: 8192
Watchpoints:          2
JTAG speed: 2000 kHz
 
Erase Done.
Programming Done.
Verify OK.
* JLink Info: Found SWD-DP with ID 0x0BB11477
* JLink Info:   FPUnit: 4 code (BP) slots and 0 literal slots
* JLink Info: Found Cortex-M0 r0p0, Little endian.
Application running ...
Build target 'hot-foot'
compiling mma8451.c...
linking...
Program Size: Code=12652 RO-data=736 RW-data=212 ZI-data=1140  
FromELF: creating hex file...
".\hot-foot\STM32f051.axf" - 0 Error(s), 0 Warning(s).
Load "F:\\lift_protec\\MDK-ARM\\hot-foot\\STM32f051.AXF" 
Set JLink Project File to "F:\lift_protec\MDK-ARM\JLinkSettings.ini"
 
JLink info:
------------
DLL: V4.40c, compiled Jan 24 2012 09:30:33
Firmware: J-Link ARM-OB STM32 compiled Aug 22 2012 19:52:04
Hardware: V7.00
S/N : 20090928 
Feature(s) : RDI,FlashDL,FlashBP,JFlash,GDBFull 
 
* JLink Info: Found SWD-DP with ID 0x0BB11477
* JLink Info:   FPUnit: 4 code (BP) slots and 0 literal slots
* JLink Info: Found Cortex-M0 r0p0, Little endian.
ROMTableAddr = 0xE00FF003
* JLink Info: Found SWD-DP with ID 0x0BB11477
* JLink Info:   FPUnit: 4 code (BP) slots and 0 literal slots
* JLink Info: Found Cortex-M0 r0p0, Little endian.
 
Target info:
------------
Device: STM32F051C8
VTarget = 3.300V
State of Pins: 
TCK: 0, TDI: 0, TDO: 1, TMS: 0, TRES: 1, TRST: 1
Hardware-Breakpoints: 4
Software-Breakpoints: 8192
Watchpoints:          2
JTAG speed: 2000 kHz
 
Erase Done.
Programming Done.
Verify OK.
* JLink Info: Found SWD-DP with ID 0x0BB11477
* JLink Info:   FPUnit: 4 code (BP) slots and 0 literal slots
* JLink Info: Found Cortex-M0 r0p0, Little endian.
Application running ...
Build target 'hot-foot'
compiling main.c...
compiling mma8451.c...
linking...
Program Size: Code=12648 RO-data=736 RW-data=212 ZI-data=1140  
FromELF: creating hex file...
".\hot-foot\STM32f051.axf" - 0 Error(s), 0 Warning(s).
Load "F:\\lift_protec\\MDK-ARM\\hot-foot\\STM32f051.AXF" 
Set JLink Project File to "F:\lift_protec\MDK-ARM\JLinkSettings.ini"
 
JLink info:
------------
DLL: V4.40c, compiled Jan 24 2012 09:30:33
Firmware: J-Link ARM-OB STM32 compiled Aug 22 2012 19:52:04
Hardware: V7.00
S/N : 20090928 
Feature(s) : RDI,FlashDL,FlashBP,JFlash,GDBFull 
 
* JLink Info: Found SWD-DP with ID 0x0BB11477
* JLink Info:   FPUnit: 4 code (BP) slots and 0 literal slots
* JLink Info: Found Cortex-M0 r0p0, Little endian.
ROMTableAddr = 0xE00FF003
* JLink Info: Found SWD-DP with ID 0x0BB11477
* JLink Info:   FPUnit: 4 code (BP) slots and 0 literal slots
* JLink Info: Found Cortex-M0 r0p0, Little endian.
 
Target info:
------------
Device: STM32F051C8
VTarget = 3.300V
State of Pins: 
TCK: 0, TDI: 0, TDO: 1, TMS: 0, TRES: 1, TRST: 1
Hardware-Breakpoints: 4
Software-Breakpoints: 8192
Watchpoints:          2
JTAG speed: 2000 kHz
 
Erase Done.
Programming Done.
Verify OK.
* JLink Info: Found SWD-DP with ID 0x0BB11477
* JLink Info:   FPUnit: 4 code (BP) slots and 0 literal slots
* JLink Info: Found Cortex-M0 r0p0, Little endian.
Application running ...
Build target 'hot-foot'
compiling main.c...
compiling mma8451.c...
linking...
Program Size: Code=12644 RO-data=736 RW-data=212 ZI-data=1140  
FromELF: creating hex file...
".\hot-foot\STM32f051.axf" - 0 Error(s), 0 Warning(s).
Build target 'hot-foot'
compiling main.c...
compiling mma8451.c...
linking...
Program Size: Code=12644 RO-data=736 RW-data=212 ZI-data=1140  
FromELF: creating hex file...
".\hot-foot\STM32f051.axf" - 0 Error(s), 0 Warning(s).
Build target 'hot-foot'
compiling main.c...
compiling tm1640.c...
compiling led.c...
linking...
Program Size: Code=12644 RO-data=736 RW-data=212 ZI-data=1140  
FromELF: creating hex file...
".\hot-foot\STM32f051.axf" - 0 Error(s), 0 Warning(s).
Load "F:\\lift_protec\\MDK-ARM\\hot-foot\\STM32f051.AXF" 
Set JLink Project File to "F:\lift_protec\MDK-ARM\JLinkSettings.ini"
 
JLink info:
------------
DLL: V4.40c, compiled Jan 24 2012 09:30:33
Firmware: J-Link ARM-OB STM32 compiled Aug 22 2012 19:52:04
Hardware: V7.00
S/N : 20090928 
Feature(s) : RDI,FlashDL,FlashBP,JFlash,GDBFull 
 
* JLink Info: Found SWD-DP with ID 0x0BB11477
* JLink Info:   FPUnit: 4 code (BP) slots and 0 literal slots
* JLink Info: Found Cortex-M0 r0p0, Little endian.
ROMTableAddr = 0xE00FF003
* JLink Info: Found SWD-DP with ID 0x0BB11477
* JLink Info:   FPUnit: 4 code (BP) slots and 0 literal slots
* JLink Info: Found Cortex-M0 r0p0, Little endian.
 
Target info:
------------
Device: STM32F051C8
VTarget = 3.300V
State of Pins: 
TCK: 0, TDI: 0, TDO: 1, TMS: 0, TRES: 1, TRST: 1
Hardware-Breakpoints: 4
Software-Breakpoints: 8192
Watchpoints:          2
JTAG speed: 2000 kHz
 
Erase Done.
Programming Done.
Verify OK.
* JLink Info: Found SWD-DP with ID 0x0BB11477
* JLink Info:   FPUnit: 4 code (BP) slots and 0 literal slots
* JLink Info: Found Cortex-M0 r0p0, Little endian.
Application running ...
Build target 'hot-foot'
compiling main.c...
compiling led.c...
linking...
Program Size: Code=12608 RO-data=736 RW-data=212 ZI-data=1140  
FromELF: creating hex file...
".\hot-foot\STM32f051.axf" - 0 Error(s), 0 Warning(s).
Load "F:\\lift_protec\\MDK-ARM\\hot-foot\\STM32f051.AXF" 
Set JLink Project File to "F:\lift_protec\MDK-ARM\JLinkSettings.ini"
 
JLink info:
------------
DLL: V4.40c, compiled Jan 24 2012 09:30:33
Firmware: J-Link ARM-OB STM32 compiled Aug 22 2012 19:52:04
Hardware: V7.00
S/N : 20090928 
Feature(s) : RDI,FlashDL,FlashBP,JFlash,GDBFull 
 
* JLink Info: Found SWD-DP with ID 0x0BB11477
* JLink Info:   FPUnit: 4 code (BP) slots and 0 literal slots
* JLink Info: Found Cortex-M0 r0p0, Little endian.
ROMTableAddr = 0xE00FF003
* JLink Info: Found SWD-DP with ID 0x0BB11477
* JLink Info:   FPUnit: 4 code (BP) slots and 0 literal slots
* JLink Info: Found Cortex-M0 r0p0, Little endian.
 
Target info:
------------
Device: STM32F051C8
VTarget = 3.300V
State of Pins: 
TCK: 0, TDI: 0, TDO: 1, TMS: 0, TRES: 1, TRST: 1
Hardware-Breakpoints: 4
Software-Breakpoints: 8192
Watchpoints:          2
JTAG speed: 2000 kHz
 
Erase Done.
Programming Done.
Verify OK.
* JLink Info: Found SWD-DP with ID 0x0BB11477
* JLink Info:   FPUnit: 4 code (BP) slots and 0 literal slots
* JLink Info: Found Cortex-M0 r0p0, Little endian.
Application running ...
Build target 'hot-foot'
compiling main.c...
compiling misc.c...
linking...
Program Size: Code=12772 RO-data=736 RW-data=212 ZI-data=1140  
FromELF: creating hex file...
".\hot-foot\STM32f051.axf" - 0 Error(s), 0 Warning(s).
Load "F:\\lift_protec\\MDK-ARM\\hot-foot\\STM32f051.AXF" 
Set JLink Project File to "F:\lift_protec\MDK-ARM\JLinkSettings.ini"
 
JLink info:
------------
DLL: V4.40c, compiled Jan 24 2012 09:30:33
Firmware: J-Link ARM-OB STM32 compiled Aug 22 2012 19:52:04
Hardware: V7.00
S/N : 20090928 
Feature(s) : RDI,FlashDL,FlashBP,JFlash,GDBFull 
 
* JLink Info: Found SWD-DP with ID 0x0BB11477
* JLink Info:   FPUnit: 4 code (BP) slots and 0 literal slots
* JLink Info: Found Cortex-M0 r0p0, Little endian.
ROMTableAddr = 0xE00FF003
* JLink Info: Found SWD-DP with ID 0x0BB11477
* JLink Info:   FPUnit: 4 code (BP) slots and 0 literal slots
* JLink Info: Found Cortex-M0 r0p0, Little endian.
 
Target info:
------------
Device: STM32F051C8
VTarget = 3.300V
State of Pins: 
TCK: 0, TDI: 0, TDO: 1, TMS: 0, TRES: 1, TRST: 1
Hardware-Breakpoints: 4
Software-Breakpoints: 8192
Watchpoints:          2
JTAG speed: 2000 kHz
 
Erase Done.
Programming Done.
Verify OK.
* JLink Info: Found SWD-DP with ID 0x0BB11477
* JLink Info:   FPUnit: 4 code (BP) slots and 0 literal slots
* JLink Info: Found Cortex-M0 r0p0, Little endian.
Application running ...
Build target 'hot-foot'
compiling main.c...
linking...
Program Size: Code=12844 RO-data=736 RW-data=212 ZI-data=1140  
FromELF: creating hex file...
".\hot-foot\STM32f051.axf" - 0 Error(s), 0 Warning(s).
Load "F:\\lift_protec\\MDK-ARM\\hot-foot\\STM32f051.AXF" 
Set JLink Project File to "F:\lift_protec\MDK-ARM\JLinkSettings.ini"
 
JLink info:
------------
DLL: V4.40c, compiled Jan 24 2012 09:30:33
Firmware: J-Link ARM-OB STM32 compiled Aug 22 2012 19:52:04
Hardware: V7.00
S/N : 20090928 
Feature(s) : RDI,FlashDL,FlashBP,JFlash,GDBFull 
 
* JLink Info: Found SWD-DP with ID 0x0BB11477
* JLink Info:   FPUnit: 4 code (BP) slots and 0 literal slots
* JLink Info: Found Cortex-M0 r0p0, Little endian.
ROMTableAddr = 0xE00FF003
* JLink Info: Found SWD-DP with ID 0x0BB11477
* JLink Info:   FPUnit: 4 code (BP) slots and 0 literal slots
* JLink Info: Found Cortex-M0 r0p0, Little endian.
 
Target info:
------------
Device: STM32F051C8
VTarget = 3.300V
State of Pins: 
TCK: 0, TDI: 0, TDO: 1, TMS: 0, TRES: 1, TRST: 1
Hardware-Breakpoints: 4
Software-Breakpoints: 8192
Watchpoints:          2
JTAG speed: 2000 kHz
 
Erase Done.
Programming Done.
Verify OK.
* JLink Info: Found SWD-DP with ID 0x0BB11477
* JLink Info:   FPUnit: 4 code (BP) slots and 0 literal slots
* JLink Info: Found Cortex-M0 r0p0, Little endian.
Application running ...
Build target 'hot-foot'
compiling misc.c...
linking...
Program Size: Code=12844 RO-data=736 RW-data=212 ZI-data=1140  
FromELF: creating hex file...
".\hot-foot\STM32f051.axf" - 0 Error(s), 0 Warning(s).
Load "F:\\lift_protec\\MDK-ARM\\hot-foot\\STM32f051.AXF" 
Set JLink Project File to "F:\lift_protec\MDK-ARM\JLinkSettings.ini"
 
JLink info:
------------
DLL: V4.40c, compiled Jan 24 2012 09:30:33
Firmware: J-Link ARM-OB STM32 compiled Aug 22 2012 19:52:04
Hardware: V7.00
S/N : 20090928 
Feature(s) : RDI,FlashDL,FlashBP,JFlash,GDBFull 
 
* JLink Info: Found SWD-DP with ID 0x0BB11477
* JLink Info:   FPUnit: 4 code (BP) slots and 0 literal slots
* JLink Info: Found Cortex-M0 r0p0, Little endian.
ROMTableAddr = 0xE00FF003
* JLink Info: Found SWD-DP with ID 0x0BB11477
* JLink Info:   FPUnit: 4 code (BP) slots and 0 literal slots
* JLink Info: Found Cortex-M0 r0p0, Little endian.
 
Target info:
------------
Device: STM32F051C8
VTarget = 3.300V
State of Pins: 
TCK: 0, TDI: 0, TDO: 1, TMS: 0, TRES: 1, TRST: 1
Hardware-Breakpoints: 4
Software-Breakpoints: 8192
Watchpoints:          2
JTAG speed: 2000 kHz
 
Erase Done.
Programming Done.
Verify OK.
* JLink Info: Found SWD-DP with ID 0x0BB11477
* JLink Info:   FPUnit: 4 code (BP) slots and 0 literal slots
* JLink Info: Found Cortex-M0 r0p0, Little endian.
Application running ...
